C51 COMPILER V9.60.7.0   UART                                                              02/23/2025 23:58:45 PAGE 1   


C51 COMPILER V9.60.7.0, COMPILATION OF MODULE UART
OBJECT MODULE PLACED IN .\Objects\UART.obj
COMPILER INVOKED BY: D:\Program_Store\Application\KeilC\C51\BIN\C51.EXE UART.c OPTIMIZE(8,SPEED) BROWSE DEBUG OBJECTEXTE
                    -ND PRINT(.\Listings\UART.lst) TABS(2) OBJECT(.\Objects\UART.obj)

line level    source

   1          #include <REGX51.H>
   2          #include <UART.h>
   3          #include <stdio.h>
   4          
   5          
   6          void Uart_Init()
   7          {
   8   1        // Khoi tao UART o mode 1, 9600 baud
   9   1        SM0 = 0; SM1 = 1;   // Chon UART mode 1
  10   1        TMOD = 0x20;            // 0010 xxxx - Timer1 hoat dong o che do 8bit tu dong nap lai
  11   1        TH1 = 0xFD;       // Toc do baud 9600
  12   1        TR1 = 1;        // Timer1 bat dau chay
  13   1        TI = 1;         // San sang gui du lieu
  14   1        REN = 1;        // Cho phep nhan du lieu
  15   1      }
  16          
  17          void Uart_Write_Char(char c)
  18          {
  19   1        while(TI == 0);
  20   1        TI = 0;
  21   1        SBUF = c;
  22   1      }
  23          
  24          void Uart_Write_String(char * str)
  25          {
  26   1        unsigned char i = 0;
  27   1        while(str[i]!=0)
  28   1        {
  29   2          Uart_Write_Char(str[i]);
  30   2          i++;
  31   2        }
  32   1      }
  33          
  34          char Uart_Data_Ready()
  35          {
  36   1        return RI;
  37   1      }
  38          
  39          char Uart_Read()
  40          {
  41   1        RI = 0;
  42   1        return SBUF;
  43   1      }
  44          
  45          void Uart_Write_Number(int num) {
  46   1          char buffer[10];
  47   1          sprintf(buffer, "%d", num);
  48   1          Uart_Write_String(buffer);
  49   1      }


MODULE INFORMATION:   STATIC OVERLAYABLE
   CODE SIZE        =     99    ----
   CONSTANT SIZE    =      3    ----
C51 COMPILER V9.60.7.0   UART                                                              02/23/2025 23:58:45 PAGE 2   

   XDATA SIZE       =   ----    ----
   PDATA SIZE       =   ----    ----
   DATA SIZE        =   ----      13
   IDATA SIZE       =   ----    ----
   BIT SIZE         =   ----    ----
END OF MODULE INFORMATION.


C51 COMPILATION COMPLETE.  0 WARNING(S),  0 ERROR(S)
